
=== GENCODE v45 (gencode.v45.basic.annotation.gtf.gz) ===
  feature lines: 2,001,750
  [gffbase] ingest…
    wall=3 min 21.8 s, RSS=1.61 GB, disk=2.72 GB
  [legacy ] ingest (timeout 900s)…
    KILLED after 900s — extrapolated wall: 30 min 0.0 s
  [gffbase] spatial — 5000 regions…
    wall=4.15 s, qps=1204, features_returned=6298
  [gffbase] batched — 5000 anchors…
    wall=172.2 ms, anchors=5000, descendants=596444

=== RefSeq GRCh38.p14 (GCF_000001405.40_GRCh38.p14_genomic.gff.gz) ===
  feature lines: 4,932,571
  [gffbase] ingest…
    failed: exit=1
  [legacy ] ingest (timeout 900s)…
    wall=6 min 4.7 s, RSS=132.89 MB, disk=3.79 GB
  [gffbase] spatial — 5000 regions…
  [gffbase] batched — 5000 anchors…

=== MANE v1.5 (Ensembl IDs) (MANE.GRCh38.v1.5.ensembl_genomic.gff.gz) ===
  feature lines: 524,834
  [gffbase] ingest…
    wall=44.93 s, RSS=645.89 MB, disk=714.76 MB
  [legacy ] ingest (timeout 900s)…
    wall=38.93 s, RSS=160.78 MB, disk=472.90 MB
  [gffbase] spatial — 5000 regions…
    wall=2.83 s, qps=1766, features_returned=3845
  [gffbase] batched — 5000 anchors…
    wall=72.9 ms, anchors=5000, descendants=156327

=== CHESS 3.1.3 (chess3.1.3.GRCh38.gff.gz) ===
  feature lines: 2,761,061
  [gffbase] ingest…
    wall=3 min 16.7 s, RSS=941.77 MB, disk=1.67 GB
  [legacy ] ingest (timeout 900s)…
    wall=1 min 30.9 s, RSS=170.75 MB, disk=1.10 GB
  [gffbase] spatial — 5000 regions…
    wall=4.26 s, qps=1175, features_returned=11149
  [gffbase] batched — 5000 anchors…
    wall=79.1 ms, anchors=5000, descendants=161445

Results → /Users/chaokuan-hao/Documents/Projects/gff/gffbase/benchmarks/out/06_mega.json

====================================================================================
corpus                          gffbase ingest     legacy ingest     speedup
------------------------------------------------------------------------------------
GENCODE v45                       3 min 21.8 s     30 min 0.0 s*       8.92×
RefSeq GRCh38.p14                         fail      6 min 4.7 s          n/a
MANE v1.5 (Ensembl IDs)                44.93 s          38.93 s        0.87×
CHESS 3.1.3                       3 min 16.7 s     1 min 30.9 s        0.46×
====================================================================================
* = legacy was killed at timeout; wall extrapolated 2× per directive.
